// Jest Snapshot v1, https://goo.gl/fbAQLP

exports[`NewsArticle should match the snapshot 1`] = `undefined`;

exports[`NewsContainer should match the snapshot 1`] = `undefined`;
