// Jest Snapshot v1, https://goo.gl/fbAQLP

exports[`App should match the snapshot 1`] = `
<div
  className="app"
>
  <h1>
    What's New?
  </h1>
  <Menu
    sortArticles={[Function]}
  />
</div>
`;
